<area shape="rect" href="$structflusspferd_1_1blob_1_1class__info.html" title="Javascript class info." alt="" coords="269,5,456,32">
<area shape="rect" href="$structflusspferd_1_1io_1_1blob__stream_1_1class__info.html" title="flusspferd::io::blob_stream::class_info" alt="" coords="233,56,492,83">
<area shape="rect" href="$structflusspferd_1_1io_1_1file_1_1class__info.html" title="flusspferd::io::file::class_info" alt="" coords="264,107,461,133">
<area shape="rect" href="$structflusspferd_1_1io_1_1stream_1_1class__info.html" title="flusspferd::io::stream::class_info" alt="" coords="249,157,476,184">
<area shape="rect" href="$structflusspferd_1_1security_1_1class__info.html" title="flusspferd::security::class_info" alt="" coords="257,208,468,235">
<area shape="rect" href="$structflusspferd_1_1xml_1_1html__push__parser_1_1class__info.html" title="flusspferd::xml::html_push_parser::class_info" alt="" coords="209,259,516,285">
<area shape="rect" href="$structflusspferd_1_1xml_1_1namespace___1_1class__info.html" title="flusspferd::xml::namespace_::class_info" alt="" coords="225,309,500,336">
<area shape="rect" href="$structflusspferd_1_1xml_1_1node_1_1class__info.html" title="flusspferd::xml::node::class_info" alt="" coords="251,360,475,387">
<area shape="rect" href="$structflusspferd_1_1xml_1_1push__parser_1_1class__info.html" title="flusspferd::xml::push_parser::class_info" alt="" coords="227,411,499,437">
<area shape="rect" href="$structflusspferd_1_1xml_1_1xpath__context_1_1class__info.html" title="flusspferd::xml::xpath_context::class_info" alt="" coords="221,461,504,488">
