<area shape="rect" href="$classflusspferd_1_1object.html" title="A Javascript object." alt="" coords="5,56,136,83">
<area shape="rect" href="$classflusspferd_1_1array.html" title="A class for holding a Javascript Array." alt="" coords="231,5,353,32">
<area shape="rect" href="$classflusspferd_1_1function.html" title="A Javascript function." alt="" coords="221,56,363,83">
<area shape="rect" href="$classflusspferd_1_1native__object__base.html" title="Native object base." alt="" coords="185,107,399,133">
<area shape="rect" href="$classflusspferd_1_1native__function__base.html" title="Native function base." alt="" coords="448,56,675,83">
<area shape="rect" href="$classflusspferd_1_1native__function.html" title="Native function." alt="" coords="735,5,1015,32">
<area shape="rect" href="$classflusspferd_1_1native__member__function.html" title="Native member function." alt="" coords="723,56,1027,83">
<area shape="rect" href="$classflusspferd_1_1require.html" title="Functor object that backs the require(&#39;foo&#39;) in JavaScript." alt="" coords="807,107,943,133">
